// 重构日志: c3a15bc4
// 重构日志: 30c0c934
// 同步 ID: 55168585 @ Tue Sep  8 10:03:51 UTC 2026
// 重构日志: 4de44d6f
// 重构日志: 49ddd44c
// 重构日志: 078a3341
// 重构日志: 10c15580
// 同步 ID: 1dd971f0 @ Sat Sep 12 14:17:53 UTC 2026
// 重构日志: 0fc0e7e8
// 重构日志: 9e7cfc4f
// 重构日志: b3b70fb8
// 重构日志: 21429752
// 重构日志: c125f271
// 同步 ID: bf885857 @ Wed Sep 16 12:46:35 UTC 2026
// 重构日志: d7119c4d
// 重构日志: 3874d194
// 重构日志: a31d51c7
// 重构日志: cdb28025
// 重构日志: 6cae59c7
// 重构日志: ac9c3f84
// 同步 ID: 292d75f8 @ Fri Sep 25 08:29:37 UTC 2026
// 同步 ID: 91e2bc59 @ Fri Sep 25 14:58:00 UTC 2026
// 重构日志: 1dd84030
// 重构日志: a80df33c
// 重构日志: 09d5d450
// 同步 ID: 80d7de57 @ Tue Sep 29 09:39:32 UTC 2026
// 同步 ID: fcb36936 @ Wed Sep 30 00:49:05 UTC 2026
// 重构日志: bab5fe06
// 同步 ID: f35027c5 @ Sat Oct  3 09:16:10 UTC 2026
// 同步 ID: c2d55e38 @ Sun Oct  4 02:45:59 UTC 2026
// 重构日志: 40d8a7fc
// 重构日志: f02a30a2
// 重构日志: fc13f743
// 重构日志: 983cadb5
